PHPUnit 11.5.55 by Sebastian Bergmann and contributors.

Runtime:       PHP 8.5.3
Configuration: D:\github\package\laravel-livewire-tables\phpunit.xml.dist
Random Seed:   1774624859

